2022/02/12 12:40:03 ファイルに書き込む:: log情報
